{
    "tokens": [
        [0, 0, "answer"],
        [0, 0, "="],
        [0, 0, "42"],
        [0, 0, ";"]
    ]
}
